[Fri May 29 09:42:20 AM WAT 2026] Starting restore retry loop (max 60 attempts)...
[Fri May 29 09:42:20 AM WAT 2026] Attempt 1/60...
[Fri May 29 09:42:28 AM WAT 2026] NuGet unreachable — waiting 2 min...
[Fri May 29 09:44:28 AM WAT 2026] Attempt 2/60...
[Fri May 29 09:44:36 AM WAT 2026] NuGet unreachable — waiting 2 min...
[Fri May 29 09:46:36 AM WAT 2026] Attempt 3/60...
[Fri May 29 09:46:44 AM WAT 2026] NuGet unreachable — waiting 2 min...
[Fri May 29 09:48:44 AM WAT 2026] Attempt 4/60...
[Fri May 29 09:48:52 AM WAT 2026] NuGet unreachable — waiting 2 min...
[Fri May 29 09:50:52 AM WAT 2026] Attempt 5/60...
[Fri May 29 09:51:00 AM WAT 2026] NuGet unreachable — waiting 2 min...
[Fri May 29 09:53:00 AM WAT 2026] Attempt 6/60...
[Fri May 29 09:53:08 AM WAT 2026] NuGet unreachable — waiting 2 min...
[Fri May 29 09:55:08 AM WAT 2026] Attempt 7/60...
[Fri May 29 09:55:16 AM WAT 2026] NuGet unreachable — waiting 2 min...
[Fri May 29 09:57:16 AM WAT 2026] Attempt 8/60...
[Fri May 29 09:57:24 AM WAT 2026] NuGet unreachable — waiting 2 min...
[Fri May 29 09:59:24 AM WAT 2026] Attempt 9/60...
[Fri May 29 09:59:32 AM WAT 2026] NuGet unreachable — waiting 2 min...
[Fri May 29 10:01:32 AM WAT 2026] Attempt 10/60...
[Fri May 29 10:01:40 AM WAT 2026] NuGet unreachable — waiting 2 min...
[Fri May 29 10:03:40 AM WAT 2026] Attempt 11/60...
[Fri May 29 10:03:48 AM WAT 2026] NuGet unreachable — waiting 2 min...
[Fri May 29 10:05:48 AM WAT 2026] Attempt 12/60...
[Fri May 29 10:05:56 AM WAT 2026] NuGet unreachable — waiting 2 min...
[Fri May 29 10:07:56 AM WAT 2026] Attempt 13/60...
[Fri May 29 10:08:04 AM WAT 2026] NuGet unreachable — waiting 2 min...
[Fri May 29 10:10:04 AM WAT 2026] Attempt 14/60...
[Fri May 29 10:10:12 AM WAT 2026] NuGet unreachable — waiting 2 min...
[Fri May 29 10:12:12 AM WAT 2026] Attempt 15/60...
[Fri May 29 10:12:20 AM WAT 2026] NuGet unreachable — waiting 2 min...
[Fri May 29 10:14:20 AM WAT 2026] Attempt 16/60...
[Fri May 29 10:14:28 AM WAT 2026] NuGet unreachable — waiting 2 min...
[Fri May 29 10:16:28 AM WAT 2026] Attempt 17/60...
[Fri May 29 10:16:36 AM WAT 2026] NuGet unreachable — waiting 2 min...
[Fri May 29 10:18:36 AM WAT 2026] Attempt 18/60...
[Fri May 29 10:18:44 AM WAT 2026] NuGet unreachable — waiting 2 min...
[Fri May 29 10:20:44 AM WAT 2026] Attempt 19/60...
[Fri May 29 10:20:52 AM WAT 2026] NuGet unreachable — waiting 2 min...
[Fri May 29 10:22:52 AM WAT 2026] Attempt 20/60...
[Fri May 29 10:22:58 AM WAT 2026] NuGet unreachable — waiting 2 min...
[Fri May 29 10:24:58 AM WAT 2026] Attempt 21/60...
[Fri May 29 10:24:59 AM WAT 2026] NuGet reachable — attempting restore...
  Determining projects to restore...
  Restored /home/sevan/Documents/Projects/ME/AtmLogAgent/src/AtmLogAgent.Service/AtmLogAgent.Service.csproj (in 26.89 sec).
  Restored /home/sevan/Documents/Projects/ME/AtmLogAgent/src/AtmLogAgent.Core/AtmLogAgent.Core.csproj (in 26.89 sec).
[Fri May 29 10:25:27 AM WAT 2026] ✅ RESTORE SUCCESS!
[Fri May 29 10:25:27 AM WAT 2026] Building...
/home/sevan/Documents/Projects/ME/AtmLogAgent/src/AtmLogAgent.Core/Parsers/AtmJrnParser.cs(494,50): error CS1519: Invalid token ';' in class, record, struct, or interface member declaration [/home/sevan/Documents/Projects/ME/AtmLogAgent/src/AtmLogAgent.Core/AtmLogAgent.Core.csproj]

Build FAILED.

/home/sevan/Documents/Projects/ME/AtmLogAgent/src/AtmLogAgent.Core/Parsers/AtmJrnParser.cs(494,50): error CS1519: Invalid token ';' in class, record, struct, or interface member declaration [/home/sevan/Documents/Projects/ME/AtmLogAgent/src/AtmLogAgent.Core/AtmLogAgent.Core.csproj]
    0 Warning(s)
    1 Error(s)

Time Elapsed 00:00:00.98
